// Jest Snapshot v1, https://goo.gl/fbAQLP

exports[`App renders and matches our snapshot 1`] = `
<div
  className="App"
>
  <div
    className="MeasureGroup"
    style={
      Object {
        "gridColumn": "2 / span 1",
      }
    }
  >
    <div
      className="name"
    >
      Leistung
    </div>
    <div
      className="Measure"
      style={
        Object {
          "backgroundColor": "gray",
        }
      }
    >
      <div>
        Leistung
      </div>
      <div>
        <input
          checked={false}
          className="input"
          disabled={false}
          onChange={[Function]}
          type="checkbox"
        />
        <math
          xmlns="http://www.w3.org/1998/Math/MathML"
        >
          <mi>
            P
          </mi>
        </math>
        <input
          className="value"
          disabled={true}
          onChange={[Function]}
          readOnly={true}
          type="text"
          value={55}
        />
        <span
          className="unit"
        >
          kW
        </span>
      </div>
      <div>
        
      </div>
    </div>
  </div>
  <div
    className="MeasureGroup"
    style={
      Object {
        "gridColumn": "1 / span 1",
        "gridRowEnd": "span 2",
      }
    }
  >
    <div
      className="name"
    >
      Öl
    </div>
    <div
      className="Measure"
      style={
        Object {
          "backgroundColor": "gray",
        }
      }
    >
      <div>
        Eingangstemperatur
      </div>
      <div>
        <input
          checked={false}
          className="input"
          disabled={false}
          onChange={[Function]}
          type="checkbox"
        />
        <math
          xmlns="http://www.w3.org/1998/Math/MathML"
        >
          <msub>
            <mi>
              T
            </mi>
            <mi>
              O in
            </mi>
          </msub>
        </math>
        <input
          className="value"
          disabled={true}
          onChange={[Function]}
          readOnly={true}
          type="text"
          value={60}
        />
        <span
          className="unit"
        >
          °C
        </span>
      </div>
      <div>
        
      </div>
    </div>
    <div
      className="Measure"
      style={
        Object {
          "backgroundColor": "gray",
        }
      }
    >
      <div>
        Ausgangstemperatur
      </div>
      <div>
        <input
          checked={false}
          className="input"
          disabled={false}
          onChange={[Function]}
          type="checkbox"
        />
        <math
          xmlns="http://www.w3.org/1998/Math/MathML"
        >
          <msub>
            <mi>
              T
            </mi>
            <mi>
              O out
            </mi>
          </msub>
        </math>
        <input
          className="value"
          disabled={true}
          onChange={[Function]}
          readOnly={true}
          type="text"
          value={40}
        />
        <span
          className="unit"
        >
          °C
        </span>
      </div>
      <div>
        
      </div>
    </div>
    <div
      className="Measure"
      style={
        Object {
          "backgroundColor": "gray",
        }
      }
    >
      <div>
        Massestrom
      </div>
      <div>
        <input
          checked={false}
          className="input"
          disabled={false}
          onChange={[Function]}
          type="checkbox"
        />
        <math
          xmlns="http://www.w3.org/1998/Math/MathML"
        >
          <msub>
            <mi>
              M
            </mi>
            <mi>
              O
            </mi>
          </msub>
        </math>
        <input
          className="value"
          disabled={true}
          onChange={[Function]}
          readOnly={true}
          type="text"
          value={1}
        />
        <span
          className="unit"
        >
          kg/s
        </span>
      </div>
      <div>
        
      </div>
    </div>
    <div
      className="Measure"
      style={
        Object {
          "backgroundColor": "gray",
        }
      }
    >
      <div>
        Volumenstrom
      </div>
      <div>
        <input
          checked={false}
          className="input"
          disabled={false}
          onChange={[Function]}
          type="checkbox"
        />
        <math
          xmlns="http://www.w3.org/1998/Math/MathML"
        >
          <msub>
            <mi>
              Q
            </mi>
            <mi>
              O
            </mi>
          </msub>
        </math>
        <input
          className="value"
          disabled={true}
          onChange={[Function]}
          readOnly={true}
          type="text"
          value={60}
        />
        <span
          className="unit"
        >
          l/min
        </span>
      </div>
      <div>
        
      </div>
    </div>
  </div>
  <div
    className="MeasureGroup"
    style={
      Object {
        "gridColumn": "3 / span 1",
        "gridRowEnd": "span 2",
      }
    }
  >
    <div
      className="name"
    >
      Wasser
    </div>
    <div
      className="Measure"
      style={
        Object {
          "backgroundColor": "gray",
        }
      }
    >
      <div>
        Eingangstemperatur
      </div>
      <div>
        <input
          checked={false}
          className="input"
          disabled={false}
          onChange={[Function]}
          type="checkbox"
        />
        <math
          xmlns="http://www.w3.org/1998/Math/MathML"
        >
          <msub>
            <mi>
              T
            </mi>
            <mi>
              W in
            </mi>
          </msub>
        </math>
        <input
          className="value"
          disabled={true}
          onChange={[Function]}
          readOnly={true}
          type="text"
          value={20}
        />
        <span
          className="unit"
        >
          °C
        </span>
      </div>
      <div>
        
      </div>
    </div>
    <div
      className="Measure"
      style={
        Object {
          "backgroundColor": "gray",
        }
      }
    >
      <div>
        Ausgangstemperatur
      </div>
      <div>
        <input
          checked={false}
          className="input"
          disabled={false}
          onChange={[Function]}
          type="checkbox"
        />
        <math
          xmlns="http://www.w3.org/1998/Math/MathML"
        >
          <msub>
            <mi>
              T
            </mi>
            <mi>
              W out
            </mi>
          </msub>
        </math>
        <input
          className="value"
          disabled={true}
          onChange={[Function]}
          readOnly={true}
          type="text"
          value={30}
        />
        <span
          className="unit"
        >
          °C
        </span>
      </div>
      <div>
        
      </div>
    </div>
    <div
      className="Measure"
      style={
        Object {
          "backgroundColor": "gray",
        }
      }
    >
      <div>
        Massestrom
      </div>
      <div>
        <input
          checked={false}
          className="input"
          disabled={false}
          onChange={[Function]}
          type="checkbox"
        />
        <math
          xmlns="http://www.w3.org/1998/Math/MathML"
        >
          <msub>
            <mi>
              M
            </mi>
            <mi>
              W
            </mi>
          </msub>
        </math>
        <input
          className="value"
          disabled={true}
          onChange={[Function]}
          readOnly={true}
          type="text"
          value={1}
        />
        <span
          className="unit"
        >
          kg/s
        </span>
      </div>
      <div>
        
      </div>
    </div>
    <div
      className="Measure"
      style={
        Object {
          "backgroundColor": "gray",
        }
      }
    >
      <div>
        Volumenstrom
      </div>
      <div>
        <input
          checked={false}
          className="input"
          disabled={false}
          onChange={[Function]}
          type="checkbox"
        />
        <math
          xmlns="http://www.w3.org/1998/Math/MathML"
        >
          <msub>
            <mi>
              Q
            </mi>
            <mi>
              W
            </mi>
          </msub>
        </math>
        <input
          className="value"
          disabled={true}
          onChange={[Function]}
          readOnly={true}
          type="text"
          value={60}
        />
        <span
          className="unit"
        >
          l/min
        </span>
      </div>
      <div>
        
      </div>
    </div>
  </div>
  <div
    className="MeasureGroup"
    style={
      Object {
        "gridColumn": "2 / span 1",
      }
    }
  >
    <div
      className="name"
    >
      Kühler
    </div>
    <div
      className="Measure"
      style={
        Object {
          "backgroundColor": "gray",
        }
      }
    >
      <div>
        Fläche
      </div>
      <div>
        <input
          checked={false}
          className="input"
          disabled={false}
          onChange={[Function]}
          type="checkbox"
        />
        <math
          xmlns="http://www.w3.org/1998/Math/MathML"
        >
          <mi>
            A
          </mi>
        </math>
        <input
          className="value"
          disabled={true}
          onChange={[Function]}
          readOnly={true}
          type="text"
          value={1}
        />
        <span
          className="unit"
        >
          m²
        </span>
      </div>
      <div>
        
      </div>
    </div>
    <div
      className="Measure"
      style={
        Object {
          "backgroundColor": "gray",
        }
      }
    >
      <div>
        Wärmeübergangskoeffizient
      </div>
      <div>
        <input
          checked={false}
          className="input"
          disabled={false}
          onChange={[Function]}
          type="checkbox"
        />
        <math
          xmlns="http://www.w3.org/1998/Math/MathML"
        >
          <mi>
            k
          </mi>
        </math>
        <input
          className="value"
          disabled={true}
          onChange={[Function]}
          readOnly={true}
          type="text"
          value={1}
        />
        <span
          className="unit"
        >
          kW/m²K
        </span>
      </div>
      <div>
        
      </div>
    </div>
  </div>
  <div
    className="MeasureGroup"
    style={
      Object {
        "gridColumn": "1 / span 1",
      }
    }
  >
    <div
      className="name"
    >
      Öl Konstanten
    </div>
    <div
      className="Measure"
      style={Object {}}
    >
      <div>
        Wärmekapazität
      </div>
      <div>
        <input
          checked={true}
          className="input"
          disabled={false}
          onChange={[Function]}
          type="checkbox"
        />
        <math
          xmlns="http://www.w3.org/1998/Math/MathML"
        >
          <msub>
            <mi>
              c
            </mi>
            <mi>
              O
            </mi>
          </msub>
        </math>
        <input
          className="value"
          disabled={false}
          onChange={[Function]}
          readOnly={false}
          type="text"
          value={2}
        />
        <span
          className="unit"
        >
          kJ/kgK
        </span>
      </div>
      <div>
        
      </div>
    </div>
    <div
      className="Measure"
      style={Object {}}
    >
      <div>
        Dichte
      </div>
      <div>
        <input
          checked={true}
          className="input"
          disabled={false}
          onChange={[Function]}
          type="checkbox"
        />
        <math
          xmlns="http://www.w3.org/1998/Math/MathML"
        >
          <msub>
            <mi>
              ρ
            </mi>
            <mi>
              O
            </mi>
          </msub>
        </math>
        <input
          className="value"
          disabled={false}
          onChange={[Function]}
          readOnly={false}
          type="text"
          value={1}
        />
        <span
          className="unit"
        >
          kg/l
        </span>
      </div>
      <div>
        
      </div>
    </div>
  </div>
  <div
    className="MeasureGroup"
    style={
      Object {
        "gridColumn": "3 / span 1",
      }
    }
  >
    <div
      className="name"
    >
      Wasser Konstanten
    </div>
    <div
      className="Measure"
      style={Object {}}
    >
      <div>
        Wärmekapazität
      </div>
      <div>
        <input
          checked={true}
          className="input"
          disabled={false}
          onChange={[Function]}
          type="checkbox"
        />
        <math
          xmlns="http://www.w3.org/1998/Math/MathML"
        >
          <msub>
            <mi>
              c
            </mi>
            <mi>
              W
            </mi>
          </msub>
        </math>
        <input
          className="value"
          disabled={false}
          onChange={[Function]}
          readOnly={false}
          type="text"
          value={4.18}
        />
        <span
          className="unit"
        >
          kJ/kgK
        </span>
      </div>
      <div>
        
      </div>
    </div>
    <div
      className="Measure"
      style={Object {}}
    >
      <div>
        Dichte
      </div>
      <div>
        <input
          checked={true}
          className="input"
          disabled={false}
          onChange={[Function]}
          type="checkbox"
        />
        <math
          xmlns="http://www.w3.org/1998/Math/MathML"
        >
          <msub>
            <mi>
              ρ
            </mi>
            <mi>
              W
            </mi>
          </msub>
        </math>
        <input
          className="value"
          disabled={false}
          onChange={[Function]}
          readOnly={false}
          type="text"
          value={1}
        />
        <span
          className="unit"
        >
          kg/l
        </span>
      </div>
      <div>
        
      </div>
    </div>
  </div>
  <div
    className="MeasureGroup"
    style={
      Object {
        "gridColumn": "2 / span 1",
      }
    }
  >
    <div
      className="name"
    >
      Automatische Größen
    </div>
    <div
      className="Measure"
      style={
        Object {
          "backgroundColor": "gray",
        }
      }
    >
      <div>
        Durchschnittstemperatur
      </div>
      <div>
        <input
          checked={false}
          className="input"
          disabled={false}
          onChange={[Function]}
          type="checkbox"
        />
        <math
          xmlns="http://www.w3.org/1998/Math/MathML"
        >
          <msub>
            <mi>
              T
            </mi>
            <mi>
              log
            </mi>
          </msub>
        </math>
        <input
          className="value"
          disabled={true}
          onChange={[Function]}
          readOnly={true}
          type="text"
          value={1}
        />
        <span
          className="unit"
        >
          K
        </span>
      </div>
      <div>
        
      </div>
    </div>
    <div
      className="Measure"
      style={
        Object {
          "backgroundColor": "gray",
        }
      }
    >
      <div>
        Alpha
      </div>
      <div>
        <input
          checked={false}
          className="input"
          disabled={false}
          onChange={[Function]}
          type="checkbox"
        />
        <math
          xmlns="http://www.w3.org/1998/Math/MathML"
        >
          <mi>
            α
          </mi>
        </math>
        <input
          className="value"
          disabled={true}
          onChange={[Function]}
          readOnly={true}
          type="text"
          value={1}
        />
        <span
          className="unit"
        >
          
        </span>
      </div>
      <div>
        
      </div>
    </div>
  </div>
</div>
`;
