// Jest Snapshot v1, https://goo.gl/fbAQLP

exports[`App renders and matches our snapshot 1`] = `
<div
  className="App"
>
  
  <div
    className="MeasureGroup"
    style={
      Object {
        "gridColumn": "2 / span 1",
      }
    }
  >
    <div
      className="name"
    >
      Leistung
    </div>
    <div
      className="Measure"
      style={
        Object {
          "backgroundColor": "gray",
        }
      }
    >
      <div>
        Leistung
      </div>
      <div>
        <input
          checked={false}
          className="input"
          disabled={false}
          onChange={[Function]}
          type="checkbox"
        />
        <span>
          <math
            xmlns="http://www.w3.org/1998/Math/MathML"
          >
            <mi>
              P
            </mi>
          </math>
        </span>
        <input
          className="value"
          disabled={true}
          onChange={[Function]}
          readOnly={true}
          type="text"
          value={55}
        />
        <span
          className="unit"
        >
          kW
        </span>
      </div>
      <div>
        
      </div>
    </div>
  </div>
  <div
    className="MeasureGroup"
    style={
      Object {
        "gridColumn": "1 / span 1",
        "gridRowEnd": "span 2",
      }
    }
  >
    <div
      className="name"
    >
      Öl
    </div>
    <div
      className="Measure"
      style={
        Object {
          "backgroundColor": "gray",
        }
      }
    >
      <div>
        Eingangstemperatur
      </div>
      <div>
        <input
          checked={false}
          className="input"
          disabled={false}
          onChange={[Function]}
          type="checkbox"
        />
        <span>
          <math
            xmlns="http://www.w3.org/1998/Math/MathML"
          >
            <msub>
              <mi>
                T
              </mi>
              <mi>
                O in
              </mi>
            </msub>
          </math>
        </span>
        <input
          className="value"
          disabled={true}
          onChange={[Function]}
          readOnly={true}
          type="text"
          value={60}
        />
        <span
          className="unit"
        >
          °C
        </span>
      </div>
      <div>
        
      </div>
    </div>
    <div
      className="Measure"
      style={
        Object {
          "backgroundColor": "gray",
        }
      }
    >
      <div>
        Ausgangstemperatur
      </div>
      <div>
        <input
          checked={false}
          className="input"
          disabled={false}
          onChange={[Function]}
          type="checkbox"
        />
        <span>
          <math
            xmlns="http://www.w3.org/1998/Math/MathML"
          >
            <msub>
              <mi>
                T
              </mi>
              <mi>
                O out
              </mi>
            </msub>
          </math>
        </span>
        <input
          className="value"
          disabled={true}
          onChange={[Function]}
          readOnly={true}
          type="text"
          value={40}
        />
        <span
          className="unit"
        >
          °C
        </span>
      </div>
      <div>
        
      </div>
    </div>
    <div
      className="Measure"
      style={
        Object {
          "backgroundColor": "gray",
        }
      }
    >
      <div>
        Massestrom
      </div>
      <div>
        <input
          checked={false}
          className="input"
          disabled={false}
          onChange={[Function]}
          type="checkbox"
        />
        <span>
          <math
            xmlns="http://www.w3.org/1998/Math/MathML"
          >
            <msub>
              <mi>
                M
              </mi>
              <mi>
                O
              </mi>
            </msub>
          </math>
        </span>
        <input
          className="value"
          disabled={true}
          onChange={[Function]}
          readOnly={true}
          type="text"
          value={1}
        />
        <span
          className="unit"
        >
          kg/s
        </span>
      </div>
      <div>
        
      </div>
    </div>
    <div
      className="Measure"
      style={
        Object {
          "backgroundColor": "gray",
        }
      }
    >
      <div>
        Volumenstrom
      </div>
      <div>
        <input
          checked={false}
          className="input"
          disabled={false}
          onChange={[Function]}
          type="checkbox"
        />
        <span>
          <math
            xmlns="http://www.w3.org/1998/Math/MathML"
          >
            <msub>
              <mi>
                Q
              </mi>
              <mi>
                O
              </mi>
            </msub>
          </math>
        </span>
        <input
          className="value"
          disabled={true}
          onChange={[Function]}
          readOnly={true}
          type="text"
          value={60}
        />
        <span
          className="unit"
        >
          l/min
        </span>
      </div>
      <div>
        
      </div>
    </div>
  </div>
  <div
    className="MeasureGroup"
    style={
      Object {
        "gridColumn": "3 / span 1",
        "gridRowEnd": "span 2",
      }
    }
  >
    <div
      className="name"
    >
      Wasser
    </div>
    <div
      className="Measure"
      style={
        Object {
          "backgroundColor": "gray",
        }
      }
    >
      <div>
        Eingangstemperatur
      </div>
      <div>
        <input
          checked={false}
          className="input"
          disabled={false}
          onChange={[Function]}
          type="checkbox"
        />
        <span>
          <math
            xmlns="http://www.w3.org/1998/Math/MathML"
          >
            <msub>
              <mi>
                T
              </mi>
              <mi>
                W in
              </mi>
            </msub>
          </math>
        </span>
        <input
          className="value"
          disabled={true}
          onChange={[Function]}
          readOnly={true}
          type="text"
          value={20}
        />
        <span
          className="unit"
        >
          °C
        </span>
      </div>
      <div>
        
      </div>
    </div>
    <div
      className="Measure"
      style={
        Object {
          "backgroundColor": "gray",
        }
      }
    >
      <div>
        Ausgangstemperatur
      </div>
      <div>
        <input
          checked={false}
          className="input"
          disabled={false}
          onChange={[Function]}
          type="checkbox"
        />
        <span>
          <math
            xmlns="http://www.w3.org/1998/Math/MathML"
          >
            <msub>
              <mi>
                T
              </mi>
              <mi>
                W out
              </mi>
            </msub>
          </math>
        </span>
        <input
          className="value"
          disabled={true}
          onChange={[Function]}
          readOnly={true}
          type="text"
          value={30}
        />
        <span
          className="unit"
        >
          °C
        </span>
      </div>
      <div>
        
      </div>
    </div>
    <div
      className="Measure"
      style={
        Object {
          "backgroundColor": "gray",
        }
      }
    >
      <div>
        Massestrom
      </div>
      <div>
        <input
          checked={false}
          className="input"
          disabled={false}
          onChange={[Function]}
          type="checkbox"
        />
        <span>
          <math
            xmlns="http://www.w3.org/1998/Math/MathML"
          >
            <msub>
              <mi>
                M
              </mi>
              <mi>
                W
              </mi>
            </msub>
          </math>
        </span>
        <input
          className="value"
          disabled={true}
          onChange={[Function]}
          readOnly={true}
          type="text"
          value={1}
        />
        <span
          className="unit"
        >
          kg/s
        </span>
      </div>
      <div>
        
      </div>
    </div>
    <div
      className="Measure"
      style={
        Object {
          "backgroundColor": "gray",
        }
      }
    >
      <div>
        Volumenstrom
      </div>
      <div>
        <input
          checked={false}
          className="input"
          disabled={false}
          onChange={[Function]}
          type="checkbox"
        />
        <span>
          <math
            xmlns="http://www.w3.org/1998/Math/MathML"
          >
            <msub>
              <mi>
                Q
              </mi>
              <mi>
                W
              </mi>
            </msub>
          </math>
        </span>
        <input
          className="value"
          disabled={true}
          onChange={[Function]}
          readOnly={true}
          type="text"
          value={60}
        />
        <span
          className="unit"
        >
          l/min
        </span>
      </div>
      <div>
        
      </div>
    </div>
  </div>
  <div
    className="MeasureGroup"
    style={
      Object {
        "gridColumn": "2 / span 1",
      }
    }
  >
    <div
      className="name"
    >
      Kühler
    </div>
    <div
      className="Measure"
      style={
        Object {
          "backgroundColor": "gray",
        }
      }
    >
      <div>
        Fläche
      </div>
      <div>
        <input
          checked={false}
          className="input"
          disabled={false}
          onChange={[Function]}
          type="checkbox"
        />
        <span>
          <math
            xmlns="http://www.w3.org/1998/Math/MathML"
          >
            <mi>
              A
            </mi>
          </math>
        </span>
        <input
          className="value"
          disabled={true}
          onChange={[Function]}
          readOnly={true}
          type="text"
          value={1}
        />
        <span
          className="unit"
        >
          m²
        </span>
      </div>
      <div>
        
      </div>
    </div>
    <div
      className="Measure"
      style={
        Object {
          "backgroundColor": "gray",
        }
      }
    >
      <div>
        Wärmeübergangskoeffizient
      </div>
      <div>
        <input
          checked={false}
          className="input"
          disabled={false}
          onChange={[Function]}
          type="checkbox"
        />
        <span>
          <math
            xmlns="http://www.w3.org/1998/Math/MathML"
          >
            <mi>
              k
            </mi>
          </math>
        </span>
        <input
          className="value"
          disabled={true}
          onChange={[Function]}
          readOnly={true}
          type="text"
          value={1}
        />
        <span
          className="unit"
        >
          kW/m²K
        </span>
      </div>
      <div>
        
      </div>
    </div>
  </div>
  <div
    className="MeasureGroup"
    style={
      Object {
        "gridColumn": "1 / span 1",
      }
    }
  >
    <div
      className="name"
    >
      Öl Konstanten
    </div>
    <div
      className="Measure"
      style={Object {}}
    >
      <div>
        Wärmekapazität
      </div>
      <div>
        <input
          checked={true}
          className="input"
          disabled={false}
          onChange={[Function]}
          type="checkbox"
        />
        <span>
          <math
            xmlns="http://www.w3.org/1998/Math/MathML"
          >
            <msub>
              <mi>
                c
              </mi>
              <mi>
                O
              </mi>
            </msub>
          </math>
        </span>
        <input
          className="value"
          disabled={false}
          onChange={[Function]}
          readOnly={false}
          type="text"
          value={2}
        />
        <span
          className="unit"
        >
          kJ/kgK
        </span>
      </div>
      <div>
        
      </div>
    </div>
    <div
      className="Measure"
      style={Object {}}
    >
      <div>
        Dichte
      </div>
      <div>
        <input
          checked={true}
          className="input"
          disabled={false}
          onChange={[Function]}
          type="checkbox"
        />
        <span>
          <math
            xmlns="http://www.w3.org/1998/Math/MathML"
          >
            <msub>
              <mi>
                ρ
              </mi>
              <mi>
                O
              </mi>
            </msub>
          </math>
        </span>
        <input
          className="value"
          disabled={false}
          onChange={[Function]}
          readOnly={false}
          type="text"
          value={1}
        />
        <span
          className="unit"
        >
          kg/l
        </span>
      </div>
      <div>
        
      </div>
    </div>
  </div>
  <div
    className="MeasureGroup"
    style={
      Object {
        "gridColumn": "3 / span 1",
      }
    }
  >
    <div
      className="name"
    >
      Wasser Konstanten
    </div>
    <div
      className="Measure"
      style={Object {}}
    >
      <div>
        Wärmekapazität
      </div>
      <div>
        <input
          checked={true}
          className="input"
          disabled={false}
          onChange={[Function]}
          type="checkbox"
        />
        <span>
          <math
            xmlns="http://www.w3.org/1998/Math/MathML"
          >
            <msub>
              <mi>
                c
              </mi>
              <mi>
                W
              </mi>
            </msub>
          </math>
        </span>
        <input
          className="value"
          disabled={false}
          onChange={[Function]}
          readOnly={false}
          type="text"
          value={4.18}
        />
        <span
          className="unit"
        >
          kJ/kgK
        </span>
      </div>
      <div>
        
      </div>
    </div>
    <div
      className="Measure"
      style={Object {}}
    >
      <div>
        Dichte
      </div>
      <div>
        <input
          checked={true}
          className="input"
          disabled={false}
          onChange={[Function]}
          type="checkbox"
        />
        <span>
          <math
            xmlns="http://www.w3.org/1998/Math/MathML"
          >
            <msub>
              <mi>
                ρ
              </mi>
              <mi>
                W
              </mi>
            </msub>
          </math>
        </span>
        <input
          className="value"
          disabled={false}
          onChange={[Function]}
          readOnly={false}
          type="text"
          value={1}
        />
        <span
          className="unit"
        >
          kg/l
        </span>
      </div>
      <div>
        
      </div>
    </div>
  </div>
  <div
    className="MeasureGroup"
    style={
      Object {
        "gridColumn": "2 / span 1",
      }
    }
  >
    <div
      className="name"
    >
      Automatische Größen
    </div>
    <div
      className="Measure"
      style={
        Object {
          "backgroundColor": "gray",
        }
      }
    >
      <div>
        Durchschnittstemperatur
      </div>
      <div>
        <input
          checked={false}
          className="input"
          disabled={false}
          onChange={[Function]}
          type="checkbox"
        />
        <span>
          <math
            xmlns="http://www.w3.org/1998/Math/MathML"
          >
            <msub>
              <mi>
                T
              </mi>
              <mi>
                log
              </mi>
            </msub>
          </math>
        </span>
        <input
          className="value"
          disabled={true}
          onChange={[Function]}
          readOnly={true}
          type="text"
          value={1}
        />
        <span
          className="unit"
        >
          K
        </span>
      </div>
      <div>
        
      </div>
    </div>
    <div
      className="Measure"
      style={
        Object {
          "backgroundColor": "gray",
        }
      }
    >
      <div>
        Alpha
      </div>
      <div>
        <input
          checked={false}
          className="input"
          disabled={false}
          onChange={[Function]}
          type="checkbox"
        />
        <span>
          <math
            xmlns="http://www.w3.org/1998/Math/MathML"
          >
            <mi>
              α
            </mi>
          </math>
        </span>
        <input
          className="value"
          disabled={true}
          onChange={[Function]}
          readOnly={true}
          type="text"
          value={1}
        />
        <span
          className="unit"
        >
          
        </span>
      </div>
      <div>
        
      </div>
    </div>
  </div>
  <a
    aria-label="Open GitHub project"
    className="github-corner"
    href="https://github.com/PiIsFour/heat"
  >
    <svg
      height={80}
      style={
        Object {
          "fill": "#fff",
          "position": "absolute",
          "right": 0,
          "top": 0,
        }
      }
      viewBox="0 0 250 250"
      width={80}
    >
      <path
        className="octo-banner"
        d="M0 0l115 115h15l12 27 108 108V0z"
        fill="#64CEAA"
      />
      <path
        className="octo-arm"
        d="M128 109c-15-9-9-19-9-19 3-7 2-11 2-11-1-7 3-2 3-2 4 5 2 11 2 11-3 10 5 15 9 16"
        style={
          Object {
            "WebkitTransformOrigin": "130px 106px",
            "transformOrigin": "130px 106px",
          }
        }
      />
      <path
        className="octo-body"
        d="M115 115s4 2 5 0l14-14c3-2 6-3 8-3-8-11-15-24 2-41 5-5 10-7 16-7 1-2 3-7 12-11 0 0 5 3 7 16 4 2 8 5 12 9s7 8 9 12c14 3 17 7 17 7-4 8-9 11-11 11 0 6-2 11-7 16-16 16-30 10-41 2 0 3-1 7-5 11l-12 11c-1 1 1 5 1 5z"
      />
    </svg>
  </a>
</div>
`;
