// Jest Snapshot v1, https://goo.gl/fbAQLP

exports[`MeasureGroup renders and matches our snapshot 1`] = `
<div
  className="MeasureGroup"
  style={undefined}
>
  <div
    className="name"
  >
    testname
  </div>
  <div
    className="Measure"
    style={Object {}}
  >
    <div />
    <div>
      <input
        checked={
          <mrow>
            <msub>
              <mi>
                T
              </mi>
              <mi>
                W in
              </mi>
            </msub>
          </mrow>
        }
        className="input"
        disabled={false}
        onChange={[Function]}
        type="checkbox"
      />
      <math
        xmlns="http://www.w3.org/1998/Math/MathML"
      />
      <input
        className="value"
        disabled={false}
        onChange={[Function]}
        readOnly={false}
        type="text"
        value={42}
      />
      <span
        className="unit"
      >
        kg
      </span>
    </div>
    <div>
      
    </div>
  </div>
</div>
`;
